// Jest Snapshot v1, https://goo.gl/fbAQLP

exports[`Select renders correctly - mount 1`] = `ReactWrapper {}`;

exports[`Select renders correctly - render 1`] = `
initialize {
  "0": Object {
    "attribs": Object {
      "style": "display:inline-block",
    },
    "children": Array [
      Object {
        "attribs": Object {
          "class": "sc-EHOje iQUFER hupu-select-container",
        },
        "children": Array [
          Object {
            "attribs": Object {
              "class": "hupu-select-wrapper",
            },
            "children": Array [
              Object {
                "attribs": Object {
                  "class": "hupu-select-placeholder ",
                },
                "children": Array [
                  Object {
                    "data": "请选择",
                    "next": null,
                    "parent": [Circular],
                    "prev": null,
                    "type": "text",
                  },
                ],
                "name": "span",
                "namespace": "http://www.w3.org/1999/xhtml",
                "next": null,
                "parent": [Circular],
                "prev": null,
                "type": "tag",
                "x-attribsNamespace": Object {
                  "class": undefined,
                },
                "x-attribsPrefix": Object {
                  "class": undefined,
                },
              },
            ],
            "name": "div",
            "namespace": "http://www.w3.org/1999/xhtml",
            "next": null,
            "parent": [Circular],
            "prev": null,
            "type": "tag",
            "x-attribsNamespace": Object {
              "class": undefined,
            },
            "x-attribsPrefix": Object {
              "class": undefined,
            },
          },
        ],
        "name": "div",
        "namespace": "http://www.w3.org/1999/xhtml",
        "next": null,
        "parent": [Circular],
        "prev": null,
        "type": "tag",
        "x-attribsNamespace": Object {
          "class": undefined,
        },
        "x-attribsPrefix": Object {
          "class": undefined,
        },
      },
    ],
    "name": "div",
    "namespace": "http://www.w3.org/1999/xhtml",
    "next": null,
    "parent": null,
    "prev": null,
    "root": Object {
      "attribs": Object {},
      "children": Array [
        [Circular],
      ],
      "name": "root",
      "namespace": "http://www.w3.org/1999/xhtml",
      "next": null,
      "parent": null,
      "prev": null,
      "type": "root",
      "x-attribsNamespace": Object {},
      "x-attribsPrefix": Object {},
    },
    "type": "tag",
    "x-attribsNamespace": Object {
      "style": undefined,
    },
    "x-attribsPrefix": Object {
      "style": undefined,
    },
  },
  "_root": [Circular],
  "length": 1,
  "options": Object {
    "decodeEntities": true,
    "normalizeWhitespace": false,
    "withDomLvl1": true,
    "xml": false,
  },
}
`;

exports[`Select renders correctly - shallow 1`] = `ShallowWrapper {}`;
